0.19739555984988075
0.54041950027058415
0.78539816339744830
0.95054684081207514
0.95054684081207514
1.06369782240255966
