0.877582561890372716
0.540302305868139717
0.070737201667702910
-0.416146836547142386
-0.801143615546933714
-0.989992496600445457
