1
0.5
0
0
10
0.5000000000
2.0000000000
2.0000000000
0.1728900000
5.0184858406
