-1.60943791243410037
-0.51082562376599068
0.69314718055994530
2.70716314111414067
4.86930895201907172
7.17234881324178779
