0
4
3
4.000
6
4.000000
4
4.0000
4
4.0000
209300508.238355436615662060
