3
1024.000
4
1024.0000
3
2.000
0
0
0
0
2
0.50
0.5000000000
0.2500000000
0.0111994624
2
4
148.184
10000000000
1
0
1
1
