0.479425538604203000
0.841470984807896506
0.997494986604054430
0.909297426825681695
0.598472144103956494
0.141120008059867222
